// Jest Snapshot v1, https://goo.gl/fbAQLP

exports[`state 1`] = `
<span>
  The result of 
  5
   + 
  7
   is
  12
</span>
`;
